Microchip MPLAB XC8 Compiler V2.40

Linker command line:

-W-3 \
  --edf=C:\Program Files\Microchip\xc8\v2.40\pic\dat\20220703182018_en.msgs \
  -cn -h+dist/default/production\Proyecto1D2_Slave.X.production.sym \
  --cmf=dist/default/production\Proyecto1D2_Slave.X.production.cmf -z \
  -Q16F887 -oC:\Users\pablo\AppData\Local\Temp\xcAs180s.4 \
  --defsym=__MPLAB_BUILD=1 --fixupoverflow=error \
  -Mdist/default/production/Proyecto1D2_Slave.X.production.map \
  --md=C:\Users\pablo\AppData\Local\Temp\xcAs180s.dat -E1 -ver=XC8 Compiler \
  --acfsm=1493 -ACODE=00h-07FFhx4 -ASTRCODE=00h-01FFFh -ASTRING=00h-0FFhx32 \
  -ACONST=00h-0FFhx32 -AENTRY=00h-0FFhx32 -ACOMMON=070h-07Fh \
  -ABANK0=020h-06Fh -ABANK1=0A0h-0EFh -ABANK2=0110h-016Fh \
  -ABANK3=0190h-01EFh -ARAM=020h-06Fh,0A0h-0EFh,0110h-016Fh,0190h-01EFh \
  -AABS1=020h-07Fh,0A0h-0EFh,0110h-016Fh,0190h-01EFh -ASFR0=00h-01Fh \
  -ASFR1=080h-09Fh -ASFR2=0100h-010Fh -ASFR3=0180h-018Fh \
  -ACONFIG=02007h-02008h -DCONFIG=2 -AIDLOC=02000h-02003h -DIDLOC=2 \
  -AEEDATA=00h-0FFh/02100h -peeprom_data=EEDATA -DEEDATA=2 -DCODE=2 \
  -DSTRCODE=2 -DSTRING=2 -DCONST=2 -DENTRY=2 \
  -preset_vec=00h,intentry=04h,init,end_init -ppowerup=CODE -pcinit=CODE \
  -pfunctab=ENTRY -k C:\Users\pablo\AppData\Local\Temp\xcAs180s.o \
  dist/default/production\Proyecto1D2_Slave.X.production.o 

Object code version is 3.11

Machine type is 16F887



                Name                               Link     Load   Length Selector   Space Scale
C:\Users\pablo\AppData\Local\Temp\xcAs180s.o
                end_init                              C        C        3        8       0
                reset_vec                             0        0        3        0       0
                config                             2007     2007        2        0       4
                idloc                              2000     2000        4        0       5
dist/default/production\Proyecto1D2_Slave.X.production.o
                cinit                                 F        F       19        8       0
                intentry                              4        4        8        8       0
                config                             2007     2007        2        0       4
                idloc                              2000     2000        4        0       5
                text7                                28       28       6A        8       0
                text6                                92       92       69        8       0
                text5                                FB       FB       4D        8       0
                text4                               1D4      1D4        5        8       0
                text3                               1A7      1A7       1A        8       0
                text2                               185      185       22        8       0
                text1                               1C1      1C1       13        8       0
                maintext                            148      148       3D        8       0
                cstackBANK0                          20       20        F       20       1
                cstackCOMMON                         75       75        5       70       1
                bssBANK0                             2F       2F        E       20       1
                bssCOMMON                            70       70        5       70       1
                nvBANK0                              3D       3D        2       20       1

TOTAL           Name                               Link     Load   Length     Space
        CLASS   CODE           
                end_init                              C        C        3         0
                cinit                                 F        F       19         0
                intentry                              4        4        8         0
                reset_vec                             0        0        3         0
                text7                                28       28       6A         0
                text6                                92       92       69         0
                text5                                FB       FB       4D         0
                text4                               1D4      1D4        5         0
                text3                               1A7      1A7       1A         0
                text2                               185      185       22         0
                text1                               1C1      1C1       13         0
                maintext                            148      148       3D         0

        CLASS   STRCODE        

        CLASS   STRING         

        CLASS   CONST          

        CLASS   ENTRY          

        CLASS   COMMON         
                cstackCOMMON                         75       75        5         1
                bssCOMMON                            70       70        5         1

        CLASS   BANK0          
                cstackBANK0                          20       20        F         1
                bssBANK0                             2F       2F        E         1
                nvBANK0                              3D       3D        2         1

        CLASS   BANK1          

        CLASS   BANK2          

        CLASS   BANK3          

        CLASS   RAM            

        CLASS   ABS1           
                abs_s1                               7E       7E        2         1

        CLASS   SFR0           

        CLASS   SFR1           

        CLASS   SFR2           

        CLASS   SFR3           

        CLASS   CONFIG         
                config                             2007     2007        2         4

        CLASS   IDLOC          
                idloc                              2000     2000        4         5

        CLASS   EEDATA         

        CLASS   STACK          



SEGMENTS        Name                           Load    Length   Top    Selector   Space  Class     Delta

                reset_vec                      000000  000003  000003         0       0  CODE        2
                intentry                       000004  0001D5  0001D9         8       0  CODE        2
                cstackBANK0                    000020  00001F  00003F        20       1  BANK0       1
                bssCOMMON                      000070  00000A  00007A        70       1  COMMON      1


UNUSED ADDRESS RANGES

        Name                Unused          Largest block    Delta
        BANK0            003F-006F             31           1
        BANK1            00A0-00EF             50           1
        BANK2            0110-016F             60           1
        BANK3            0190-01EF             60           1
        CODE             0003-0003              1           2
                         01D9-1FFF            800
        COMMON           007A-007D              4           1
        CONST            0003-0003              1           2
                         01D9-1FFF            100
        EEDATA           2100-21FF            100           2
        ENTRY            0003-0003              1           2
                         01D9-1FFF            100
        RAM              003F-006F             31           1
                         00A0-00EF             50
                         0110-016F             60
                         0190-01EF             60
        SFR0             0000-001F             20           1
        SFR1             0080-009F             20           1
        SFR2             0100-010F             10           1
        SFR3             0180-018F             10           1
        STRCODE          0003-0003              1           2
                         01D9-1FFF           1E27
        STRING           0003-0003              1           2
                         01D9-1FFF            100

                                  Symbol Table

?_Obtener_Distancia        cstackBANK0  0028
?___awdiv                  cstackBANK0  0020
I2C_Slave_Init@address     cstackCOMMON 0079
_ADCON0bits                (abs)        001F
_ADCON1bits                (abs)        009F
_ADIF                      (abs)        0066
_ADRESH                    (abs)        001E
_ANSEL                     (abs)        0188
_ANSELH                    (abs)        0189
_ANSELbits                 (abs)        0188
_BF                        (abs)        04A0
_CCP1CONbits               (abs)        0017
_CCPR1L                    (abs)        0015
_GIE                       (abs)        005F
_I2C_Slave_Init            text3        01A7
_INTCONbits                (abs)        000B
_OSCCONbits                (abs)        008F
_Obtener_Distancia         text5        00FB
_PEIE                      (abs)        005E
_PIE1bits                  (abs)        008C
_PIR1bits                  (abs)        000C
_PORTA                     (abs)        0005
_PORTAbits                 (abs)        0005
_PORTB                     (abs)        0006
_PORTC                     (abs)        0007
_PORTD                     (abs)        0008
_PORTDbits                 (abs)        0008
_PORTE                     (abs)        0009
_PORTEbits                 (abs)        0009
_PR2                       (abs)        0092
_SSPADD                    (abs)        0093
_SSPBUF                    (abs)        0013
_SSPCON                    (abs)        0014
_SSPCON2                   (abs)        0091
_SSPCON2bits               (abs)        0091
_SSPCONbits                (abs)        0014
_SSPIE                     (abs)        0463
_SSPIF                     (abs)        0063
_SSPSTAT                   (abs)        0094
_SSPSTATbits               (abs)        0094
_T1CON                     (abs)        0010
_T1CONbits                 (abs)        0010
_T2CONbits                 (abs)        0012
_TMR1H                     (abs)        000F
_TMR1L                     (abs)        000E
_TRISA                     (abs)        0085
_TRISB                     (abs)        0086
_TRISC3                    (abs)        043B
_TRISC4                    (abs)        043C
_TRISCbits                 (abs)        0087
_TRISD                     (abs)        0088
_TRISE                     (abs)        0089
_Timer1_Init               text4        01D4
__Habs1                    abs1         0000
__Hbank0                   bank0        0000
__Hbank1                   bank1        0000
__Hbank2                   bank2        0000
__Hbank3                   bank3        0000
__HbssBANK0                bssBANK0     0000
__HbssCOMMON               bssCOMMON    0000
__Hcinit                   cinit        0028
__Hclrtext                 clrtext      0000
__Hcode                    code         0000
__Hcommon                  common       0000
__Hconfig                  config       2009
__HcstackBANK0             cstackBANK0  0000
__HcstackCOMMON            cstackCOMMON 0000
__Heeprom_data             eeprom_data  0000
__Hend_init                end_init     000F
__Hfunctab                 functab      0000
__Hidloc                   idloc        2004
__Hinit                    init         000C
__Hintentry                intentry     000C
__Hmaintext                maintext     0000
__HnvBANK0                 nvBANK0      0000
__Hpowerup                 powerup      0000
__Hram                     ram          0000
__Hreset_vec               reset_vec    0003
__Hsfr0                    sfr0         0000
__Hsfr1                    sfr1         0000
__Hsfr2                    sfr2         0000
__Hsfr3                    sfr3         0000
__Hspace_0                 (abs)        01D9
__Hspace_1                 (abs)        007A
__Hspace_2                 (abs)        0000
__Hspace_3                 (abs)        0000
__Hspace_4                 (abs)        4010
__Hstack                   stack        0000
__Hstrings                 strings      0000
__Htext                    text         0000
__Labs1                    abs1         0000
__Lbank0                   bank0        0000
__Lbank1                   bank1        0000
__Lbank2                   bank2        0000
__Lbank3                   bank3        0000
__LbssBANK0                bssBANK0     0000
__LbssCOMMON               bssCOMMON    0000
__Lcinit                   cinit        000F
__Lclrtext                 clrtext      0000
__Lcode                    code         0000
__Lcommon                  common       0000
__Lconfig                  config       0000
__LcstackBANK0             cstackBANK0  0000
__LcstackCOMMON            cstackCOMMON 0000
__Leeprom_data             eeprom_data  0000
__Lend_init                end_init     000C
__Lfunctab                 functab      0000
__Lidloc                   idloc        0000
__Linit                    init         000C
__Lintentry                intentry     0004
__Lmaintext                maintext     0000
__LnvBANK0                 nvBANK0      0000
__Lpowerup                 powerup      0000
__Lram                     ram          0000
__Lreset_vec               reset_vec    0000
__Lsfr0                    sfr0         0000
__Lsfr1                    sfr1         0000
__Lsfr2                    sfr2         0000
__Lsfr3                    sfr3         0000
__Lspace_0                 (abs)        0000
__Lspace_1                 (abs)        0000
__Lspace_2                 (abs)        0000
__Lspace_3                 (abs)        0000
__Lspace_4                 (abs)        0000
__Lstack                   stack        0000
__Lstrings                 strings      0000
__Ltext                    text         0000
__S0                       (abs)        01D9
__S1                       (abs)        007A
__S3                       (abs)        0000
___awdiv                   text6        0092
___awdiv@counter           cstackBANK0  0024
___awdiv@dividend          cstackBANK0  0022
___awdiv@divisor           cstackBANK0  0020
___awdiv@quotient          cstackBANK0  0026
___awdiv@sign              cstackBANK0  0025
___int_sp                  stack        0000
___latbits                 (abs)        0002
___sp                      stack        0000
___stackhi                 (abs)        0000
___stacklo                 (abs)        0000
__end_of_I2C_Slave_Init    text3        01C1
__end_of_Obtener_Distancia text5        0148
__end_of_Timer1_Init       text4        01D9
__end_of___awdiv           text6        00FB
__end_of__initialization   cinit        0024
__end_of_isr               text7        0092
__end_of_main              maintext     0185
__end_of_setup             text2        01A7
__end_of_setupPWM          text1        01D4
__initialization           cinit        000F
__pbssBANK0                bssBANK0     002F
__pbssCOMMON               bssCOMMON    0070
__pcstackBANK0             cstackBANK0  0020
__pcstackCOMMON            cstackCOMMON 0075
__pintentry                intentry     0004
__pmaintext                maintext     0148
__pnvBANK0                 nvBANK0      003D
__ptext1                   text1        01C1
__ptext2                   text2        0185
__ptext3                   text3        01A7
__ptext4                   text4        01D4
__ptext5                   text5        00FB
__ptext6                   text6        0092
__ptext7                   text7        0028
_bandera                   bssBANK0     0039
_distancia                 nvBANK0      003D
_isr                       text7        0028
_main                      maintext     0148
_setup                     text2        0185
_setupPWM                  text1        01C1
_time_taken                bssBANK0     003B
_z                         bssCOMMON    0074
btemp                      (abs)        007E
end_of_initialization      cinit        0024
interrupt_function         intentry     0004
intlevel0                  functab      0000
intlevel1                  functab      0000
intlevel2                  functab      0000
intlevel3                  functab      0000
intlevel4                  functab      0000
intlevel5                  functab      0000
reset_vec                  reset_vec    0000
saved_w                    (abs)        007E
start                      init         000C
start_initialization       cinit        000F
wtemp0                     (abs)        007E


MODULE INFORMATION

Module		Function		Class		Link	Load	Size
C:\Program Files\Microchip\xc8\v2.40\pic\sources\c90\common\awdiv.c
		___awdiv       		CODE           	0092	0000	105

C:\Program Files\Microchip\xc8\v2.40\pic\sources\c90\common\awdiv.c estimated size: 105

I2C.c
		_I2C_Slave_Init		CODE           	01A7	0000	26

I2C.c estimated size: 26

Proyecto1D2_Slave.c
		_setupPWM      		CODE           	01C1	0000	19
		_main          		CODE           	0148	0000	61
		_Timer1_Init   		CODE           	01D4	0000	5
		_isr           		CODE           	0028	0000	106
		_setup         		CODE           	0185	0000	34
		_Obtener_Distancia		CODE           	00FB	0000	77

Proyecto1D2_Slave.c estimated size: 302

shared
		__initialization		CODE           	000F	0000	21

shared estimated size: 21

