Microchip MPLAB XC8 Compiler V2.40

Linker command line:

-W-3 \
  --edf=C:\Program Files\Microchip\xc8\v2.40\pic\dat\20220703182018_en.msgs \
  -cn -h+dist/default/production\Proyecto1D2_Master.X.production.sym \
  --cmf=dist/default/production\Proyecto1D2_Master.X.production.cmf -z \
  -Q16F887 -oC:\Users\pablo\AppData\Local\Temp\xcAs15r4.4 \
  --defsym=__MPLAB_BUILD=1 --fixupoverflow=error \
  -Mdist/default/production/Proyecto1D2_Master.X.production.map \
  --md=C:\Users\pablo\AppData\Local\Temp\xcAs15r4.dat -E1 -ver=XC8 Compiler \
  --acfsm=1493 -ACODE=00h-07FFhx4 -ASTRCODE=00h-01FFFh -ASTRING=00h-0FFhx32 \
  -ACONST=00h-0FFhx32 -AENTRY=00h-0FFhx32 -ACOMMON=070h-07Fh \
  -ABANK0=020h-06Fh -ABANK1=0A0h-0EFh -ABANK2=0110h-016Fh \
  -ABANK3=0190h-01EFh -ARAM=020h-06Fh,0A0h-0EFh,0110h-016Fh,0190h-01EFh \
  -AABS1=020h-07Fh,0A0h-0EFh,0110h-016Fh,0190h-01EFh -ASFR0=00h-01Fh \
  -ASFR1=080h-09Fh -ASFR2=0100h-010Fh -ASFR3=0180h-018Fh \
  -ACONFIG=02007h-02008h -DCONFIG=2 -AIDLOC=02000h-02003h -DIDLOC=2 \
  -AEEDATA=00h-0FFh/02100h -peeprom_data=EEDATA -DEEDATA=2 -DCODE=2 \
  -DSTRCODE=2 -DSTRING=2 -DCONST=2 -DENTRY=2 \
  -preset_vec=00h,intentry,init,end_init -ppowerup=CODE -pcinit=CODE \
  -pfunctab=ENTRY -k C:\Users\pablo\AppData\Local\Temp\xcAs15r4.o \
  dist/default/production\Proyecto1D2_Master.X.production.o 

Object code version is 3.11

Machine type is 16F887



                Name                               Link     Load   Length Selector   Space Scale
C:\Users\pablo\AppData\Local\Temp\xcAs15r4.o
                end_init                              0        0        3        0       0
                config                             2007     2007        2        0       4
                idloc                              2000     2000        4        0       5
dist/default/production\Proyecto1D2_Master.X.production.o
                cinit                               7DD      7DD       23      FBA       0
                maintext_split_1                    34D      34D      490      69A       0
                config                             2007     2007        2        0       4
                idloc                              2000     2000        4        0       5
                text31                             172F     172F       18     2E5E       0
                text30                             16AD     16AD        D     2D5A       0
                text29                             17A0     17A0       2E     2F40       0
                text28                             167E     167E        9     2CFC       0
                text27                             1687     1687        9     2D0E       0
                text26                             1690     1690        9     2D20       0
                text25                             1699     1699        A     2D32       0
                text24                              8EC      8EC       3A     11D8       0
                text23                              99E      99E       41     133C       0
                text22                             17CE     17CE       32     2F9C       0
                text21                             1701     1701       17     2E02       0
                text20                               50       50       A0       A0       0
                text19                              960      960       3E     12C0       0
                text18                             1747     1747       1A     2E8E       0
                text17                             16BA     16BA       10     2D74       0
                text16                              A65      A65       4A     14CA       0
                text15                             1761     1761       1A     2EC2       0
                text14                             16CA     16CA       12     2D94       0
                text13                              9DF      9DF       42     13BE       0
                text12                              B6B      B6B       9D     16D6       0
                text11                              AAF      AAF       56     155E       0
                text10                             16A3     16A3        A     2D46       0
                text9                              1718     1718       17     2E30       0
                text8                               B05      B05       66     160A       0
                text7                               8B4      8B4       38     1168       0
                text6                               88D      88D       27     111A       0
                text5                               A21      A21       44     1442       0
                text4                               926      926       3A     124C       0
                text3                              177B     177B       25     2EF6       0
                text2                              16DC     16DC       12     2DB8       0
                text1                                F0       F0      25D      1E0       0
                maintext                            C08      C08      3F8     1810       0
                cstackBANK0                          54       54       1A       20       1
                cstackCOMMON                         70       70        E       70       1
                clrtext                            1676     1676        8     2CEC       0
                inittext                           16EE     16EE       13     2DDC       0
                dataBANK3                           190      190       4D      190       1
                bssBANK1                             A0       A0       28       A0       1
                bssBANK0                             20       20       34       20       1
                strings                             800      800       89     1000       0
                idataBANK3                            3        3       4D        0       0

TOTAL           Name                               Link     Load   Length     Space
        CLASS   CODE           
                end_init                              0        0        3         0
                cinit                               7DD      7DD       23         0
                maintext_split_1                    34D      34D      490         0
                text31                             172F     172F       18         0
                text30                             16AD     16AD        D         0
                text29                             17A0     17A0       2E         0
                text28                             167E     167E        9         0
                text27                             1687     1687        9         0
                text26                             1690     1690        9         0
                text25                             1699     1699        A         0
                text24                              8EC      8EC       3A         0
                text23                              99E      99E       41         0
                text22                             17CE     17CE       32         0
                text21                             1701     1701       17         0
                text20                               50       50       A0         0
                text19                              960      960       3E         0
                text18                             1747     1747       1A         0
                text17                             16BA     16BA       10         0
                text16                              A65      A65       4A         0
                text15                             1761     1761       1A         0
                text14                             16CA     16CA       12         0
                text13                              9DF      9DF       42         0
                text12                              B6B      B6B       9D         0
                text11                              AAF      AAF       56         0
                text10                             16A3     16A3        A         0
                text9                              1718     1718       17         0
                text8                               B05      B05       66         0
                text7                               8B4      8B4       38         0
                text6                               88D      88D       27         0
                text5                               A21      A21       44         0
                text4                               926      926       3A         0
                text3                              177B     177B       25         0
                text2                              16DC     16DC       12         0
                text1                                F0       F0      25D         0
                maintext                            C08      C08      3F8         0
                clrtext                            1676     1676        8         0
                inittext                           16EE     16EE       13         0
                idataBANK3                            3        3       4D         0

        CLASS   STRCODE        

        CLASS   STRING         
                strings                             800      800       89         0

        CLASS   CONST          

        CLASS   ENTRY          

        CLASS   COMMON         
                cstackCOMMON                         70       70        E         1

        CLASS   BANK0          
                cstackBANK0                          54       54       1A         1
                bssBANK0                             20       20       34         1

        CLASS   BANK1          
                bssBANK1                             A0       A0       28         1

        CLASS   BANK2          

        CLASS   BANK3          
                dataBANK3                           190      190       4D         1

        CLASS   RAM            

        CLASS   ABS1           
                abs_s1                               7E       7E        2         1

        CLASS   SFR0           

        CLASS   SFR1           

        CLASS   SFR2           

        CLASS   SFR3           

        CLASS   CONFIG         
                config                             2007     2007        2         4

        CLASS   IDLOC          
                idloc                              2000     2000        4         5

        CLASS   EEDATA         

        CLASS   STACK          



SEGMENTS        Name                           Load    Length   Top    Selector   Space  Class     Delta

                reset_vec                      000000  000050  000050         0       0  CODE        2
                bssBANK0                       000020  00004E  00006E        20       1  BANK0       1
                cstackCOMMON                   000070  00000E  00007E        70       1  COMMON      1
                bssBANK1                       0000A0  000028  0000C8        A0       1  BANK1       1
                text20                         000050  0000A0  0000F0        A0       0  CODE        2
                dataBANK3                      000190  00004D  0001DD       190       1  BANK3       1
                text1                          0000F0  00025D  00034D       1E0       0  CODE        2
                maintext_split_1               00034D  000490  0007DD       69A       0  CODE        2
                cinit                          0007DD  000023  000800       FBA       0  CODE        2
                strings                        000800  000089  000889      1000       0  STRING      2
                text6                          00088D  000027  0008B4      111A       0  CODE        2
                text7                          0008B4  000038  0008EC      1168       0  CODE        2
                text24                         0008EC  00003A  000926      11D8       0  CODE        2
                text4                          000926  00003A  000960      124C       0  CODE        2
                text19                         000960  00003E  00099E      12C0       0  CODE        2
                text23                         00099E  000041  0009DF      133C       0  CODE        2
                text13                         0009DF  000042  000A21      13BE       0  CODE        2
                text5                          000A21  000044  000A65      1442       0  CODE        2
                text16                         000A65  00004A  000AAF      14CA       0  CODE        2
                text11                         000AAF  000056  000B05      155E       0  CODE        2
                text8                          000B05  000066  000B6B      160A       0  CODE        2
                text12                         000B6B  00009D  000C08      16D6       0  CODE        2
                maintext                       000C08  0003F8  001000      1810       0  CODE        2
                clrtext                        001676  000008  00167E      2CEC       0  CODE        2
                text28                         00167E  000009  001687      2CFC       0  CODE        2
                text27                         001687  000009  001690      2D0E       0  CODE        2
                text26                         001690  000009  001699      2D20       0  CODE        2
                text25                         001699  00000A  0016A3      2D32       0  CODE        2
                text10                         0016A3  00000A  0016AD      2D46       0  CODE        2
                text30                         0016AD  00000D  0016BA      2D5A       0  CODE        2
                text17                         0016BA  000010  0016CA      2D74       0  CODE        2
                text14                         0016CA  000012  0016DC      2D94       0  CODE        2
                text2                          0016DC  000012  0016EE      2DB8       0  CODE        2
                inittext                       0016EE  000013  001701      2DDC       0  CODE        2
                text21                         001701  000017  001718      2E02       0  CODE        2
                text9                          001718  000017  00172F      2E30       0  CODE        2
                text31                         00172F  000018  001747      2E5E       0  CODE        2
                text18                         001747  00001A  001761      2E8E       0  CODE        2
                text15                         001761  00001A  00177B      2EC2       0  CODE        2
                text3                          00177B  000025  0017A0      2EF6       0  CODE        2
                text29                         0017A0  00002E  0017CE      2F40       0  CODE        2
                text22                         0017CE  000032  001800      2F9C       0  CODE        2


UNUSED ADDRESS RANGES

        Name                Unused          Largest block    Delta
        BANK0            0006E-0006F               2           1
        BANK1            000C8-000EF              28           1
        BANK2            00110-0016F              60           1
        BANK3            001DD-001EF              13           1
        CODE             00889-0088C               4           2
                         01000-01675             676
                         01800-01FFF             800
        CONST            00889-0088C               4           2
                         01000-01675             100
                         01800-01FFF             100
        EEDATA           02100-021FF             100           2
        ENTRY            00889-0088C               4           2
                         01000-01675             100
                         01800-01FFF             100
        RAM              0006E-0006F               2           1
                         000C8-000EF              28
                         00110-0016F              60
                         001DD-001EF              13
        SFR0             00000-0001F              20           1
        SFR1             00080-0009F              20           1
        SFR2             00100-0010F              10           1
        SFR3             00180-0018F              10           1
        STRCODE          00889-0088C               4           2
                         01000-01675             676
                         01800-01FFF             800
        STRING           00889-0088C               4           2
                         01000-01675             100
                         01800-01FFF             100

                                  Symbol Table

?_I2C_Master_Read                 cstackCOMMON     00070
?___aldiv                         cstackCOMMON     00070
?___lldiv                         cstackCOMMON     00070
?___lwdiv                         cstackCOMMON     00070
?___lwmod                         cstackCOMMON     00078
?___wmul                          cstackCOMMON     00070
?_sprintf                         cstackBANK0      00054
DS3231_Bcd_Bin@bcd_value          cstackCOMMON     00072
DS3231_Bcd_Bin@temp               cstackCOMMON     00073
DS3231_Bin_Bcd@binary_value       cstackCOMMON     00071
DS3231_Bin_Bcd@retval             cstackCOMMON     00072
DS3231_Bin_Bcd@temp               cstackCOMMON     00073
DS3231_Get_Date@day               cstackCOMMON     0007D
DS3231_Get_Date@dow               cstackCOMMON     0007C
DS3231_Get_Date@mth               cstackCOMMON     0007A
DS3231_Get_Date@year              cstackCOMMON     0007B
DS3231_Get_Time@hr                cstackCOMMON     0007C
DS3231_Get_Time@min               cstackCOMMON     0007A
DS3231_Get_Time@sec               cstackCOMMON     0007B
DS3231_Read@data                  cstackCOMMON     00079
DS3231_Read@reg                   cstackCOMMON     00078
DS3231_Set_Date_Time@dw           cstackCOMMON     00078
DS3231_Set_Date_Time@dy           cstackBANK0      00054
DS3231_Set_Date_Time@hr           cstackCOMMON     00079
DS3231_Set_Date_Time@mn           cstackCOMMON     0007A
DS3231_Set_Date_Time@mth          cstackCOMMON     00076
DS3231_Set_Date_Time@sc           cstackCOMMON     0007B
DS3231_Set_Date_Time@yr           cstackCOMMON     00077
I2C_Master_Init@c                 cstackBANK0      00054
I2C_Master_Read@a                 cstackCOMMON     00070
I2C_Master_Read@temp              cstackCOMMON     00074
I2C_Master_Write@d                cstackCOMMON     00074
Lcd_Cmd@a                         cstackCOMMON     00073
Lcd_Port@a                        cstackCOMMON     00070
Lcd_Set_Cursor@a                  cstackCOMMON     00076
Lcd_Set_Cursor@b                  cstackCOMMON     00074
Lcd_Set_Cursor@position           cstackCOMMON     00075
Lcd_Write_Char@a                  cstackCOMMON     00071
Lcd_Write_String@a                cstackCOMMON     00072
Lcd_Write_String@i                cstackCOMMON     00077
UART_TX_config@baud_value         cstackBANK0      00060
UART_TX_config@baudrate           cstackBANK0      0005A
UART_write_char@c                 cstackCOMMON     00070
UART_write_string@str             cstackCOMMON     00072
_ANSEL                            (abs)            00188
_ANSELH                           (abs)            00189
_BAUDCTLbits                      (abs)            00187
_DS3231_Bcd_Bin                   text31           0172F
_DS3231_Bin_Bcd                   text21           01701
_DS3231_Get_Date                  text23           0099E
_DS3231_Get_Time                  text22           017CE
_DS3231_Read                      text24           008EC
_DS3231_Set_Date_Time             text20           00050
_GIE                              (abs)            0005F
_I2C_Master_Init                  text7            008B4
_I2C_Master_Read                  text29           017A0
_I2C_Master_RepeatedStart         text28           0167E
_I2C_Master_Start                 text27           01687
_I2C_Master_Stop                  text26           01690
_I2C_Master_Wait                  text30           016AD
_I2C_Master_Write                 text25           01699
_INTCONbits                       (abs)            0000B
_IOCBbits                         (abs)            00096
_Lcd_Clear                        text17           016BA
_Lcd_Cmd                          text18           01747
_Lcd_Init                         text16           00A65
_Lcd_Port                         text19           00960
_Lcd_Set_Cursor                   text15           01761
_Lcd_Write_Char                   text14           016CA
_Lcd_Write_String                 text13           009DF
_OPTION_REGbits                   (abs)            00081
_OSCCONbits                       (abs)            0008F
_PEIE                             (abs)            0005E
_PORTA                            (abs)            00005
_PORTAbits                        (abs)            00005
_PORTB                            (abs)            00006
_PORTC                            (abs)            00007
_PORTD                            (abs)            00008
_PORTDbits                        (abs)            00008
_PORTE                            (abs)            00009
_PORTEbits                        (abs)            00009
_RBIE                             (abs)            0005B
_RCREG                            (abs)            0001A
_RCSTAbits                        (abs)            00018
_SPBRG                            (abs)            00099
_SPBRGH                           (abs)            0009A
_SSPADD                           (abs)            00093
_SSPBUF                           (abs)            00013
_SSPCON                           (abs)            00014
_SSPCON2                          (abs)            00091
_SSPCON2bits                      (abs)            00091
_SSPIE                            (abs)            00463
_SSPIF                            (abs)            00063
_SSPSTAT                          (abs)            00094
_TRISA                            (abs)            00085
_TRISB                            (abs)            00086
_TRISBbits                        (abs)            00086
_TRISC3                           (abs)            0043B
_TRISC4                           (abs)            0043C
_TRISCbits                        (abs)            00087
_TRISD                            (abs)            00088
_TRISE                            (abs)            00089
_TXIF                             (abs)            00064
_TXREG                            (abs)            00019
_TXSTAbits                        (abs)            00098
_UART_TX_config                   text11           00AAF
_UART_TX_config$1428              cstackBANK0      0005C
_UART_write_char                  text10           016A3
_UART_write_string                text9            01718
_WPUBbits                         (abs)            00095
__Habs1                           abs1             00000
__Hbank0                          bank0            00000
__Hbank1                          bank1            00000
__Hbank2                          bank2            00000
__Hbank3                          bank3            00000
__HbssBANK0                       bssBANK0         00000
__HbssBANK1                       bssBANK1         00000
__Hcinit                          cinit            00800
__Hclrtext                        clrtext          00000
__Hcode                           code             00000
__Hcommon                         common           00000
__Hconfig                         config           02009
__HcstackBANK0                    cstackBANK0      00000
__HcstackCOMMON                   cstackCOMMON     00000
__HdataBANK3                      dataBANK3        00000
__Heeprom_data                    eeprom_data      00000
__Hend_init                       end_init         00003
__Hfunctab                        functab          00000
__HidataBANK3                     idataBANK3       00000
__Hidloc                          idloc            02004
__Hinit                           init             00000
__Hinittext                       inittext         00000
__Hintentry                       intentry         00000
__Hmaintext                       maintext         00000
__Hmaintext_split_1               maintext_split_1 00000
__Hpowerup                        powerup          00000
__Hram                            ram              00000
__Hreset_vec                      reset_vec        00000
__Hsfr0                           sfr0             00000
__Hsfr1                           sfr1             00000
__Hsfr2                           sfr2             00000
__Hsfr3                           sfr3             00000
__Hspace_0                        (abs)            01800
__Hspace_1                        (abs)            001DD
__Hspace_2                        (abs)            00000
__Hspace_3                        (abs)            00000
__Hspace_4                        (abs)            04010
__Hstack                          stack            00000
__Hstrings                        strings          00000
__Htext                           text             00000
__Labs1                           abs1             00000
__Lbank0                          bank0            00000
__Lbank1                          bank1            00000
__Lbank2                          bank2            00000
__Lbank3                          bank3            00000
__LbssBANK0                       bssBANK0         00000
__LbssBANK1                       bssBANK1         00000
__Lcinit                          cinit            007DD
__Lclrtext                        clrtext          00000
__Lcode                           code             00000
__Lcommon                         common           00000
__Lconfig                         config           00000
__LcstackBANK0                    cstackBANK0      00000
__LcstackCOMMON                   cstackCOMMON     00000
__LdataBANK3                      dataBANK3        00000
__Leeprom_data                    eeprom_data      00000
__Lend_init                       end_init         00000
__Lfunctab                        functab          00000
__LidataBANK3                     idataBANK3       00000
__Lidloc                          idloc            00000
__Linit                           init             00000
__Linittext                       inittext         00000
__Lintentry                       intentry         00000
__Lmaintext                       maintext         00000
__Lmaintext_split_1               maintext_split_1 00000
__Lpowerup                        powerup          00000
__Lram                            ram              00000
__Lreset_vec                      reset_vec        00000
__Lsfr0                           sfr0             00000
__Lsfr1                           sfr1             00000
__Lsfr2                           sfr2             00000
__Lsfr3                           sfr3             00000
__Lspace_0                        (abs)            00000
__Lspace_1                        (abs)            00000
__Lspace_2                        (abs)            00000
__Lspace_3                        (abs)            00000
__Lspace_4                        (abs)            00000
__Lstack                          stack            00000
__Lstrings                        strings          00000
__Ltext                           text             00000
__S0                              (abs)            01800
__S1                              (abs)            001DD
__S3                              (abs)            00000
___aldiv                          text12           00B6B
___aldiv@counter                  cstackBANK0      00054
___aldiv@dividend                 cstackCOMMON     00074
___aldiv@divisor                  cstackCOMMON     00070
___aldiv@quotient                 cstackBANK0      00056
___aldiv@sign                     cstackBANK0      00055
___int_sp                         stack            00000
___latbits                        (abs)            00002
___lldiv                          text8            00B05
___lldiv@counter                  cstackCOMMON     0007D
___lldiv@dividend                 cstackCOMMON     00074
___lldiv@divisor                  cstackCOMMON     00070
___lldiv@quotient                 cstackCOMMON     00079
___lwdiv                          text5            00A21
___lwdiv@counter                  cstackCOMMON     00077
___lwdiv@dividend                 cstackCOMMON     00072
___lwdiv@divisor                  cstackCOMMON     00070
___lwdiv@quotient                 cstackCOMMON     00075
___lwmod                          text4            00926
___lwmod@counter                  cstackCOMMON     0007D
___lwmod@dividend                 cstackCOMMON     0007A
___lwmod@divisor                  cstackCOMMON     00078
___sp                             stack            00000
___stackhi                        (abs)            00000
___stacklo                        (abs)            00000
___wmul                           text3            0177B
___wmul@multiplicand              cstackCOMMON     00072
___wmul@multiplier                cstackCOMMON     00070
___wmul@product                   cstackCOMMON     00074
__end_of_DS3231_Bcd_Bin           text31           01747
__end_of_DS3231_Bin_Bcd           text21           01718
__end_of_DS3231_Get_Date          text23           009DF
__end_of_DS3231_Get_Time          text22           01800
__end_of_DS3231_Read              text24           00926
__end_of_DS3231_Set_Date_Time     text20           000F0
__end_of_I2C_Master_Init          text7            008EC
__end_of_I2C_Master_Read          text29           017CE
__end_of_I2C_Master_RepeatedStart text28           01687
__end_of_I2C_Master_Start         text27           01690
__end_of_I2C_Master_Stop          text26           01699
__end_of_I2C_Master_Wait          text30           016BA
__end_of_I2C_Master_Write         text25           016A3
__end_of_Lcd_Clear                text17           016CA
__end_of_Lcd_Cmd                  text18           01761
__end_of_Lcd_Init                 text16           00AAF
__end_of_Lcd_Port                 text19           0099E
__end_of_Lcd_Set_Cursor           text15           0177B
__end_of_Lcd_Write_Char           text14           016DC
__end_of_Lcd_Write_String         text13           00A21
__end_of_UART_TX_config           text11           00B05
__end_of_UART_write_char          text10           016AD
__end_of_UART_write_string        text9            0172F
__end_of___aldiv                  text12           00C08
__end_of___lldiv                  text8            00B6B
__end_of___lwdiv                  text5            00A65
__end_of___lwmod                  text4            00960
__end_of___wmul                   text3            017A0
__end_of__initialization          cinit            007FC
__end_of__stringtab               strings          00810
__end_of_dpowers                  strings          0081A
__end_of_isdigit                  text2            016EE
__end_of_main                     maintext_split_1 007DD
__end_of_setup                    text6            008B4
__end_of_sprintf                  text1            0034D
__initialization                  cinit            007DD
__pbssBANK0                       bssBANK0         00020
__pbssBANK1                       bssBANK1         000A0
__pcstackBANK0                    cstackBANK0      00054
__pcstackCOMMON                   cstackCOMMON     00070
__pdataBANK3                      dataBANK3        00190
__pidataBANK3                     idataBANK3       00003
__pmaintext                       maintext         00C08
__pstrings                        strings          00800
__ptext1                          text1            000F0
__ptext10                         text10           016A3
__ptext11                         text11           00AAF
__ptext12                         text12           00B6B
__ptext13                         text13           009DF
__ptext14                         text14           016CA
__ptext15                         text15           01761
__ptext16                         text16           00A65
__ptext17                         text17           016BA
__ptext18                         text18           01747
__ptext19                         text19           00960
__ptext2                          text2            016DC
__ptext20                         text20           00050
__ptext21                         text21           01701
__ptext22                         text22           017CE
__ptext23                         text23           0099E
__ptext24                         text24           008EC
__ptext25                         text25           01699
__ptext26                         text26           01690
__ptext27                         text27           01687
__ptext28                         text28           0167E
__ptext29                         text29           017A0
__ptext3                          text3            0177B
__ptext30                         text30           016AD
__ptext31                         text31           0172F
__ptext4                          text4            00926
__ptext5                          text5            00A21
__ptext6                          text6            0088D
__ptext7                          text7            008B4
__ptext8                          text8            00B05
__ptext9                          text9            01718
__stringbase                      strings          0080F
__stringtab                       strings          00800
_buffer                           bssBANK1         000B4
_car                              bssBANK0         0002C
_contador                         bssBANK0         0002A
_day                              bssBANK0         00053
_distancia                        bssBANK0         00026
_distancia_string                 bssBANK0         00043
_dow                              bssBANK0         00050
_dpowers                          strings          00810
_dw                               dataBANK3        00190
_horariocar                       bssBANK0         0002D
_hr                               bssBANK0         0004F
_isdigit                          text2            016DC
_isdigit$1220                     cstackCOMMON     00070
_main                             maintext         00C08
_manual                           bssBANK0         0002B
_min                              bssBANK0         0004E
_mth                              bssBANK0         00052
_sec                              bssBANK0         0004D
_sensor_Infra                     bssBANK0         00022
_sensor_Infra_string              bssBANK0         00039
_sensor_Luz                       bssBANK0         00020
_sensor_Luz_string                bssBANK0         0002F
_setup                            text6            0088D
_sprintf                          text1            000F0
_usart                            bssBANK1         000A0
_var_distancia                    bssBANK0         00024
_year                             bssBANK0         00051
_z                                bssBANK0         00028
btemp                             (abs)            0007E
clear_ram0                        clrtext          01676
end_of_initialization             cinit            007FC
init_fetch0                       inittext         016EE
init_ram0                         inittext         016F2
intlevel0                         functab          00000
intlevel1                         functab          00000
intlevel2                         functab          00000
intlevel3                         functab          00000
intlevel4                         functab          00000
intlevel5                         functab          00000
isdigit@c                         cstackCOMMON     00071
pnum$maintext                     (abs)            0000C
pnum$maintext_split_1             (abs)            0002E
psplit$0                          (abs)            C002E
reset_vec                         reset_vec        00000
sprintf@ap                        cstackBANK0      00061
sprintf@c                         cstackBANK0      00067
sprintf@cp                        cstackBANK0      0005F
sprintf@f                         cstackBANK0      00054
sprintf@flag                      cstackBANK0      00066
sprintf@len                       cstackBANK0      00062
sprintf@prec                      cstackBANK0      0005E
sprintf@sp                        cstackBANK0      0006A
sprintf@val                       cstackBANK0      00064
sprintf@width                     cstackBANK0      00068
start                             init             00000
start_initialization              cinit            007DD
wtemp0                            (abs)            0007E


MODULE INFORMATION

Module		Function		Class		Link	Load	Size
C:\Program Files\Microchip\xc8\v2.40\pic\sources\c90\common\aldiv.c
		___aldiv       		CODE           	0B6B	0000	157

C:\Program Files\Microchip\xc8\v2.40\pic\sources\c90\common\aldiv.c estimated size: 157

I2C.c
		_I2C_Master_Read		CODE           	17A0	0000	46
		_I2C_Master_Wait		CODE           	16AD	0000	13
		_I2C_Master_Init		CODE           	08B4	0000	56
		_I2C_Master_Stop		CODE           	1690	0000	9
		_I2C_Master_RepeatedStart		CODE           	167E	0000	9
		_I2C_Master_Write		CODE           	1699	0000	10
		_I2C_Master_Start		CODE           	1687	0000	9

I2C.c estimated size: 152

LCD_8bits.c
		_Lcd_Write_String		CODE           	09DF	0000	66
		_Lcd_Init      		CODE           	0A65	0000	74
		_Lcd_Write_Char		CODE           	16CA	0000	18
		_Lcd_Cmd       		CODE           	1747	0000	26
		_Lcd_Set_Cursor		CODE           	1761	0000	26
		_Lcd_Clear     		CODE           	16BA	0000	16
		_Lcd_Port      		CODE           	0960	0000	62

LCD_8bits.c estimated size: 288

C:\Program Files\Microchip\xc8\v2.40\pic\sources\c90\common\__lldiv.c
		___lldiv       		CODE           	0B05	0000	102

C:\Program Files\Microchip\xc8\v2.40\pic\sources\c90\common\__lldiv.c estimated size: 102

C:\Program Files\Microchip\xc8\v2.40\pic\sources\c90\common\doprnt.c
		_sprintf       		CODE           	00F0	0000	605

C:\Program Files\Microchip\xc8\v2.40\pic\sources\c90\common\doprnt.c estimated size: 605

C:\Program Files\Microchip\xc8\v2.40\pic\sources\c90\common\Umul16.c
		___wmul        		CODE           	177B	0000	37

C:\Program Files\Microchip\xc8\v2.40\pic\sources\c90\common\Umul16.c estimated size: 37

C:\Program Files\Microchip\xc8\v2.40\pic\sources\c90\common\lwmod.c
		___lwmod       		CODE           	0926	0000	58

C:\Program Files\Microchip\xc8\v2.40\pic\sources\c90\common\lwmod.c estimated size: 58

shared
		__stringtab    		STRING         	0800	0000	16
		_dpowers       		STRING         	0810	0000	10
		__initialization		CODE           	07DD	0000	31

shared estimated size: 57

C:\Program Files\Microchip\xc8\v2.40\pic\sources\c90\common\isdigit.c
		_isdigit       		CODE           	16DC	0000	18

C:\Program Files\Microchip\xc8\v2.40\pic\sources\c90\common\isdigit.c estimated size: 18

USART_Library.c
		_UART_write_string		CODE           	1718	0000	23
		_UART_TX_config		CODE           	0AAF	0000	86
		_UART_write_char		CODE           	16A3	0000	10

USART_Library.c estimated size: 119

Proyecto1D2_Master.c
		_main          		CODE           	0C08	0000	2184
		_setup         		CODE           	088D	0000	39

Proyecto1D2_Master.c estimated size: 2223

RTC.c
		_DS3231_Read   		CODE           	08EC	0000	58
		_DS3231_Bin_Bcd		CODE           	1701	0000	23
		_DS3231_Bcd_Bin		CODE           	172F	0000	24
		_DS3231_Get_Date		CODE           	099E	0000	65
		_DS3231_Get_Time		CODE           	17CE	0000	50
		_DS3231_Set_Date_Time		CODE           	0050	0000	160

RTC.c estimated size: 380

C:\Program Files\Microchip\xc8\v2.40\pic\sources\c90\common\lwdiv.c
		___lwdiv       		CODE           	0A21	0000	68

C:\Program Files\Microchip\xc8\v2.40\pic\sources\c90\common\lwdiv.c estimated size: 68

