Microchip MPLAB XC8 Compiler V2.40

Linker command line:

-W-3 \
  --edf=C:\Program Files\Microchip\xc8\v2.40\pic\dat\20220703182018_en.msgs \
  -cn -h+dist/default/production\Proyecto1D2_Master.X.production.sym \
  --cmf=dist/default/production\Proyecto1D2_Master.X.production.cmf -z \
  -Q16F887 -oC:\Users\pablo\AppData\Local\Temp\xcAs15go.4 \
  --defsym=__MPLAB_BUILD=1 --fixupoverflow=error \
  -Mdist/default/production/Proyecto1D2_Master.X.production.map \
  --md=C:\Users\pablo\AppData\Local\Temp\xcAs15go.dat -E1 -ver=XC8 Compiler \
  --acfsm=1493 -ACODE=00h-07FFhx4 -ASTRCODE=00h-01FFFh -ASTRING=00h-0FFhx32 \
  -ACONST=00h-0FFhx32 -AENTRY=00h-0FFhx32 -ACOMMON=070h-07Fh \
  -ABANK0=020h-06Fh -ABANK1=0A0h-0EFh -ABANK2=0110h-016Fh \
  -ABANK3=0190h-01EFh -ARAM=020h-06Fh,0A0h-0EFh,0110h-016Fh,0190h-01EFh \
  -AABS1=020h-07Fh,0A0h-0EFh,0110h-016Fh,0190h-01EFh -ASFR0=00h-01Fh \
  -ASFR1=080h-09Fh -ASFR2=0100h-010Fh -ASFR3=0180h-018Fh \
  -ACONFIG=02007h-02008h -DCONFIG=2 -AIDLOC=02000h-02003h -DIDLOC=2 \
  -AEEDATA=00h-0FFh/02100h -peeprom_data=EEDATA -DEEDATA=2 -DCODE=2 \
  -DSTRCODE=2 -DSTRING=2 -DCONST=2 -DENTRY=2 \
  -preset_vec=00h,intentry,init,end_init -ppowerup=CODE -pcinit=CODE \
  -pfunctab=ENTRY -k C:\Users\pablo\AppData\Local\Temp\xcAs15go.o \
  dist/default/production\Proyecto1D2_Master.X.production.o 

Object code version is 3.11

Machine type is 16F887



                Name                               Link     Load   Length Selector   Space Scale
C:\Users\pablo\AppData\Local\Temp\xcAs15go.o
                end_init                              0        0        3        0       0
                config                             2007     2007        2        0       4
                idloc                              2000     2000        4        0       5
dist/default/production\Proyecto1D2_Master.X.production.o
                cinit                               7DD      7DD       23      FBA       0
                maintext_split_1                    27A      27A      563      4F4       0
                config                             2007     2007        2        0       4
                idloc                              2000     2000        4        0       5
                text31                             1638     1638       18     2C70       0
                text30                             15B6     15B6        D     2B6C       0
                text29                             16B6     16B6       2E     2D6C       0
                text28                             1587     1587        9     2B0E       0
                text27                             1590     1590        9     2B20       0
                text26                             1599     1599        9     2B32       0
                text25                             15A2     15A2        A     2B44       0
                text24                             174E     174E       3A     2E9C       0
                text23                              8FE      8FE       41     11FC       0
                text22                             16E4     16E4       32     2DC8       0
                text21                             160A     160A       17     2C14       0
                text20                              BB5      BB5       A0     176A       0
                text19                             17C2     17C2       3E     2F84       0
                text18                             1650     1650       1A     2CA0       0
                text17                             15C3     15C3       10     2B86       0
                text16                              9C5      9C5       4A     138A       0
                text15                                3        3       1A        0       0
                text14                             15D3     15D3       12     2BA6       0
                text13                              93F      93F       42     127E       0
                text12                              B18      B18       9D     1630       0
                text11                              A5C      A5C       56     14B8       0
                text10                             15AC     15AC        A     2B58       0
                text9                              1621     1621       17     2C42       0
                text8                               AB2      AB2       66     1564       0
                text7                              1716     1716       38     2E2C       0
                text6                              168F     168F       27     2D1E       0
                text5                               981      981       44     1302       0
                text4                              1788     1788       3A     2F10       0
                text3                              166A     166A       25     2CD4       0
                text2                              15E5     15E5       12     2BCA       0
                text1                                1D       1D      25D       3A       0
                maintext                            C55      C55      3AB     18AA       0
                cstackBANK0                          4C       4C       20       20       1
                cstackCOMMON                         70       70        E       70       1
                clrtext                            157F     157F        8     2AFE       0
                inittext                           15F7     15F7       13     2BEE       0
                dataBANK3                           190      190       4D      190       1
                bssBANK1                             A0       A0       50       A0       1
                bssBANK0                             20       20       2C       20       1
                strings                             800      800       FC     1000       0
                idataBANK3                          A0F      A0F       4D     141E       0

TOTAL           Name                               Link     Load   Length     Space
        CLASS   CODE           
                end_init                              0        0        3         0
                cinit                               7DD      7DD       23         0
                maintext_split_1                    27A      27A      563         0
                text31                             1638     1638       18         0
                text30                             15B6     15B6        D         0
                text29                             16B6     16B6       2E         0
                text28                             1587     1587        9         0
                text27                             1590     1590        9         0
                text26                             1599     1599        9         0
                text25                             15A2     15A2        A         0
                text24                             174E     174E       3A         0
                text23                              8FE      8FE       41         0
                text22                             16E4     16E4       32         0
                text21                             160A     160A       17         0
                text20                              BB5      BB5       A0         0
                text19                             17C2     17C2       3E         0
                text18                             1650     1650       1A         0
                text17                             15C3     15C3       10         0
                text16                              9C5      9C5       4A         0
                text15                                3        3       1A         0
                text14                             15D3     15D3       12         0
                text13                              93F      93F       42         0
                text12                              B18      B18       9D         0
                text11                              A5C      A5C       56         0
                text10                             15AC     15AC        A         0
                text9                              1621     1621       17         0
                text8                               AB2      AB2       66         0
                text7                              1716     1716       38         0
                text6                              168F     168F       27         0
                text5                               981      981       44         0
                text4                              1788     1788       3A         0
                text3                              166A     166A       25         0
                text2                              15E5     15E5       12         0
                text1                                1D       1D      25D         0
                maintext                            C55      C55      3AB         0
                clrtext                            157F     157F        8         0
                inittext                           15F7     15F7       13         0
                idataBANK3                          A0F      A0F       4D         0

        CLASS   STRCODE        

        CLASS   STRING         
                strings                             800      800       FC         0

        CLASS   CONST          

        CLASS   ENTRY          

        CLASS   COMMON         
                cstackCOMMON                         70       70        E         1

        CLASS   BANK0          
                cstackBANK0                          4C       4C       20         1
                bssBANK0                             20       20       2C         1

        CLASS   BANK1          
                bssBANK1                             A0       A0       50         1

        CLASS   BANK2          

        CLASS   BANK3          
                dataBANK3                           190      190       4D         1

        CLASS   RAM            

        CLASS   ABS1           
                abs_s1                               7E       7E        2         1

        CLASS   SFR0           

        CLASS   SFR1           

        CLASS   SFR2           

        CLASS   SFR3           

        CLASS   CONFIG         
                config                             2007     2007        2         4

        CLASS   IDLOC          
                idloc                              2000     2000        4         5

        CLASS   EEDATA         

        CLASS   STACK          



SEGMENTS        Name                           Load    Length   Top    Selector   Space  Class     Delta

                reset_vec                      000000  00001D  00001D         0       0  CODE        2
                bssBANK0                       000020  00004C  00006C        20       1  BANK0       1
                text1                          00001D  00025D  00027A        3A       0  CODE        2
                cstackCOMMON                   000070  00000E  00007E        70       1  COMMON      1
                bssBANK1                       0000A0  000050  0000F0        A0       1  BANK1       1
                dataBANK3                      000190  00004D  0001DD       190       1  BANK3       1
                maintext_split_1               00027A  000563  0007DD       4F4       0  CODE        2
                cinit                          0007DD  000023  000800       FBA       0  CODE        2
                strings                        000800  0000FC  0008FC      1000       0  STRING      2
                text23                         0008FE  000041  00093F      11FC       0  CODE        2
                text13                         00093F  000042  000981      127E       0  CODE        2
                text5                          000981  000044  0009C5      1302       0  CODE        2
                text16                         0009C5  00004A  000A0F      138A       0  CODE        2
                idataBANK3                     000A0F  00004D  000A5C      141E       0  CODE        2
                text11                         000A5C  000056  000AB2      14B8       0  CODE        2
                text8                          000AB2  000066  000B18      1564       0  CODE        2
                text12                         000B18  00009D  000BB5      1630       0  CODE        2
                text20                         000BB5  0000A0  000C55      176A       0  CODE        2
                maintext                       000C55  0003AB  001000      18AA       0  CODE        2
                clrtext                        00157F  000008  001587      2AFE       0  CODE        2
                text28                         001587  000009  001590      2B0E       0  CODE        2
                text27                         001590  000009  001599      2B20       0  CODE        2
                text26                         001599  000009  0015A2      2B32       0  CODE        2
                text25                         0015A2  00000A  0015AC      2B44       0  CODE        2
                text10                         0015AC  00000A  0015B6      2B58       0  CODE        2
                text30                         0015B6  00000D  0015C3      2B6C       0  CODE        2
                text17                         0015C3  000010  0015D3      2B86       0  CODE        2
                text14                         0015D3  000012  0015E5      2BA6       0  CODE        2
                text2                          0015E5  000012  0015F7      2BCA       0  CODE        2
                inittext                       0015F7  000013  00160A      2BEE       0  CODE        2
                text21                         00160A  000017  001621      2C14       0  CODE        2
                text9                          001621  000017  001638      2C42       0  CODE        2
                text31                         001638  000018  001650      2C70       0  CODE        2
                text18                         001650  00001A  00166A      2CA0       0  CODE        2
                text3                          00166A  000025  00168F      2CD4       0  CODE        2
                text6                          00168F  000027  0016B6      2D1E       0  CODE        2
                text29                         0016B6  00002E  0016E4      2D6C       0  CODE        2
                text22                         0016E4  000032  001716      2DC8       0  CODE        2
                text7                          001716  000038  00174E      2E2C       0  CODE        2
                text24                         00174E  00003A  001788      2E9C       0  CODE        2
                text4                          001788  00003A  0017C2      2F10       0  CODE        2
                text19                         0017C2  00003E  001800      2F84       0  CODE        2


UNUSED ADDRESS RANGES

        Name                Unused          Largest block    Delta
        BANK0            0006C-0006F               4           1
        BANK2            00110-0016F              60           1
        BANK3            001DD-001EF              13           1
        CODE             008FC-008FD               2           2
                         01000-0157E             57F
                         01800-01FFF             800
        CONST            008FC-008FD               2           2
                         01000-0157E             100
                         01800-01FFF             100
        EEDATA           02100-021FF             100           2
        ENTRY            008FC-008FD               2           2
                         01000-0157E             100
                         01800-01FFF             100
        RAM              0006C-0006F               4           1
                         00110-0016F              60
                         001DD-001EF              13
        SFR0             00000-0001F              20           1
        SFR1             00080-0009F              20           1
        SFR2             00100-0010F              10           1
        SFR3             00180-0018F              10           1
        STRCODE          008FC-008FD               2           2
                         01000-0157E             57F
                         01800-01FFF             800
        STRING           008FC-008FD               2           2
                         01000-0157E             100
                         01800-01FFF             100

                                  Symbol Table

?_I2C_Master_Read                 cstackCOMMON     00070
?___aldiv                         cstackCOMMON     00070
?___lldiv                         cstackCOMMON     00070
?___lwdiv                         cstackCOMMON     00070
?___lwmod                         cstackCOMMON     00078
?___wmul                          cstackCOMMON     00070
?_sprintf                         cstackBANK0      0004C
DS3231_Bcd_Bin@bcd_value          cstackCOMMON     00072
DS3231_Bcd_Bin@temp               cstackCOMMON     00073
DS3231_Bin_Bcd@binary_value       cstackCOMMON     00071
DS3231_Bin_Bcd@retval             cstackCOMMON     00072
DS3231_Bin_Bcd@temp               cstackCOMMON     00073
DS3231_Get_Date@day               cstackCOMMON     0007D
DS3231_Get_Date@dow               cstackCOMMON     0007C
DS3231_Get_Date@mth               cstackCOMMON     0007A
DS3231_Get_Date@year              cstackCOMMON     0007B
DS3231_Get_Time@hr                cstackCOMMON     0007C
DS3231_Get_Time@min               cstackCOMMON     0007A
DS3231_Get_Time@sec               cstackCOMMON     0007B
DS3231_Read@data                  cstackCOMMON     00079
DS3231_Read@reg                   cstackCOMMON     00078
DS3231_Set_Date_Time@dw           cstackCOMMON     00078
DS3231_Set_Date_Time@dy           cstackBANK0      0004C
DS3231_Set_Date_Time@hr           cstackCOMMON     00079
DS3231_Set_Date_Time@mn           cstackCOMMON     0007A
DS3231_Set_Date_Time@mth          cstackCOMMON     00076
DS3231_Set_Date_Time@sc           cstackCOMMON     0007B
DS3231_Set_Date_Time@yr           cstackCOMMON     00077
I2C_Master_Init@c                 cstackBANK0      0004C
I2C_Master_Read@a                 cstackCOMMON     00070
I2C_Master_Read@temp              cstackCOMMON     00074
I2C_Master_Write@d                cstackCOMMON     00074
Lcd_Cmd@a                         cstackCOMMON     00073
Lcd_Port@a                        cstackCOMMON     00070
Lcd_Set_Cursor@a                  cstackCOMMON     00076
Lcd_Set_Cursor@b                  cstackCOMMON     00074
Lcd_Set_Cursor@position           cstackCOMMON     00075
Lcd_Write_Char@a                  cstackCOMMON     00071
Lcd_Write_String@a                cstackCOMMON     00072
Lcd_Write_String@i                cstackCOMMON     00077
UART_TX_config@baud_value         cstackBANK0      00058
UART_TX_config@baudrate           cstackBANK0      00052
UART_write_char@c                 cstackCOMMON     00070
UART_write_string@str             cstackCOMMON     00072
_ANSEL                            (abs)            00188
_ANSELH                           (abs)            00189
_BAUDCTLbits                      (abs)            00187
_DS3231_Bcd_Bin                   text31           01638
_DS3231_Bin_Bcd                   text21           0160A
_DS3231_Get_Date                  text23           008FE
_DS3231_Get_Time                  text22           016E4
_DS3231_Read                      text24           0174E
_DS3231_Set_Date_Time             text20           00BB5
_GIE                              (abs)            0005F
_I2C_Master_Init                  text7            01716
_I2C_Master_Read                  text29           016B6
_I2C_Master_RepeatedStart         text28           01587
_I2C_Master_Start                 text27           01590
_I2C_Master_Stop                  text26           01599
_I2C_Master_Wait                  text30           015B6
_I2C_Master_Write                 text25           015A2
_INTCONbits                       (abs)            0000B
_IOCBbits                         (abs)            00096
_Lcd_Clear                        text17           015C3
_Lcd_Cmd                          text18           01650
_Lcd_Init                         text16           009C5
_Lcd_Port                         text19           017C2
_Lcd_Set_Cursor                   text15           00003
_Lcd_Write_Char                   text14           015D3
_Lcd_Write_String                 text13           0093F
_OPTION_REGbits                   (abs)            00081
_OSCCONbits                       (abs)            0008F
_PEIE                             (abs)            0005E
_PORTA                            (abs)            00005
_PORTAbits                        (abs)            00005
_PORTB                            (abs)            00006
_PORTC                            (abs)            00007
_PORTD                            (abs)            00008
_PORTDbits                        (abs)            00008
_PORTE                            (abs)            00009
_PORTEbits                        (abs)            00009
_RBIE                             (abs)            0005B
_RCREG                            (abs)            0001A
_RCSTAbits                        (abs)            00018
_SPBRG                            (abs)            00099
_SPBRGH                           (abs)            0009A
_SSPADD                           (abs)            00093
_SSPBUF                           (abs)            00013
_SSPCON                           (abs)            00014
_SSPCON2                          (abs)            00091
_SSPCON2bits                      (abs)            00091
_SSPIE                            (abs)            00463
_SSPIF                            (abs)            00063
_SSPSTAT                          (abs)            00094
_TRISA                            (abs)            00085
_TRISB                            (abs)            00086
_TRISBbits                        (abs)            00086
_TRISC3                           (abs)            0043B
_TRISC4                           (abs)            0043C
_TRISCbits                        (abs)            00087
_TRISD                            (abs)            00088
_TRISE                            (abs)            00089
_TXIF                             (abs)            00064
_TXREG                            (abs)            00019
_TXSTAbits                        (abs)            00098
_UART_TX_config                   text11           00A5C
_UART_TX_config$1429              cstackBANK0      00054
_UART_write_char                  text10           015AC
_UART_write_string                text9            01621
_WPUBbits                         (abs)            00095
__Habs1                           abs1             00000
__Hbank0                          bank0            00000
__Hbank1                          bank1            00000
__Hbank2                          bank2            00000
__Hbank3                          bank3            00000
__HbssBANK0                       bssBANK0         00000
__HbssBANK1                       bssBANK1         00000
__Hcinit                          cinit            00800
__Hclrtext                        clrtext          00000
__Hcode                           code             00000
__Hcommon                         common           00000
__Hconfig                         config           02009
__HcstackBANK0                    cstackBANK0      00000
__HcstackCOMMON                   cstackCOMMON     00000
__HdataBANK3                      dataBANK3        00000
__Heeprom_data                    eeprom_data      00000
__Hend_init                       end_init         00003
__Hfunctab                        functab          00000
__HidataBANK3                     idataBANK3       00000
__Hidloc                          idloc            02004
__Hinit                           init             00000
__Hinittext                       inittext         00000
__Hintentry                       intentry         00000
__Hmaintext                       maintext         00000
__Hmaintext_split_1               maintext_split_1 00000
__Hpowerup                        powerup          00000
__Hram                            ram              00000
__Hreset_vec                      reset_vec        00000
__Hsfr0                           sfr0             00000
__Hsfr1                           sfr1             00000
__Hsfr2                           sfr2             00000
__Hsfr3                           sfr3             00000
__Hspace_0                        (abs)            01800
__Hspace_1                        (abs)            001DD
__Hspace_2                        (abs)            00000
__Hspace_3                        (abs)            00000
__Hspace_4                        (abs)            04010
__Hstack                          stack            00000
__Hstrings                        strings          00000
__Htext                           text             00000
__Labs1                           abs1             00000
__Lbank0                          bank0            00000
__Lbank1                          bank1            00000
__Lbank2                          bank2            00000
__Lbank3                          bank3            00000
__LbssBANK0                       bssBANK0         00000
__LbssBANK1                       bssBANK1         00000
__Lcinit                          cinit            007DD
__Lclrtext                        clrtext          00000
__Lcode                           code             00000
__Lcommon                         common           00000
__Lconfig                         config           00000
__LcstackBANK0                    cstackBANK0      00000
__LcstackCOMMON                   cstackCOMMON     00000
__LdataBANK3                      dataBANK3        00000
__Leeprom_data                    eeprom_data      00000
__Lend_init                       end_init         00000
__Lfunctab                        functab          00000
__LidataBANK3                     idataBANK3       00000
__Lidloc                          idloc            00000
__Linit                           init             00000
__Linittext                       inittext         00000
__Lintentry                       intentry         00000
__Lmaintext                       maintext         00000
__Lmaintext_split_1               maintext_split_1 00000
__Lpowerup                        powerup          00000
__Lram                            ram              00000
__Lreset_vec                      reset_vec        00000
__Lsfr0                           sfr0             00000
__Lsfr1                           sfr1             00000
__Lsfr2                           sfr2             00000
__Lsfr3                           sfr3             00000
__Lspace_0                        (abs)            00000
__Lspace_1                        (abs)            00000
__Lspace_2                        (abs)            00000
__Lspace_3                        (abs)            00000
__Lspace_4                        (abs)            00000
__Lstack                          stack            00000
__Lstrings                        strings          00000
__Ltext                           text             00000
__S0                              (abs)            01800
__S1                              (abs)            001DD
__S3                              (abs)            00000
___aldiv                          text12           00B18
___aldiv@counter                  cstackBANK0      0004C
___aldiv@dividend                 cstackCOMMON     00074
___aldiv@divisor                  cstackCOMMON     00070
___aldiv@quotient                 cstackBANK0      0004E
___aldiv@sign                     cstackBANK0      0004D
___int_sp                         stack            00000
___latbits                        (abs)            00002
___lldiv                          text8            00AB2
___lldiv@counter                  cstackCOMMON     0007D
___lldiv@dividend                 cstackCOMMON     00074
___lldiv@divisor                  cstackCOMMON     00070
___lldiv@quotient                 cstackCOMMON     00079
___lwdiv                          text5            00981
___lwdiv@counter                  cstackCOMMON     00077
___lwdiv@dividend                 cstackCOMMON     00072
___lwdiv@divisor                  cstackCOMMON     00070
___lwdiv@quotient                 cstackCOMMON     00075
___lwmod                          text4            01788
___lwmod@counter                  cstackCOMMON     0007D
___lwmod@dividend                 cstackCOMMON     0007A
___lwmod@divisor                  cstackCOMMON     00078
___sp                             stack            00000
___stackhi                        (abs)            00000
___stacklo                        (abs)            00000
___wmul                           text3            0166A
___wmul@multiplicand              cstackCOMMON     00072
___wmul@multiplier                cstackCOMMON     00070
___wmul@product                   cstackCOMMON     00074
__end_of_DS3231_Bcd_Bin           text31           01650
__end_of_DS3231_Bin_Bcd           text21           01621
__end_of_DS3231_Get_Date          text23           0093F
__end_of_DS3231_Get_Time          text22           01716
__end_of_DS3231_Read              text24           01788
__end_of_DS3231_Set_Date_Time     text20           00C55
__end_of_I2C_Master_Init          text7            0174E
__end_of_I2C_Master_Read          text29           016E4
__end_of_I2C_Master_RepeatedStart text28           01590
__end_of_I2C_Master_Start         text27           01599
__end_of_I2C_Master_Stop          text26           015A2
__end_of_I2C_Master_Wait          text30           015C3
__end_of_I2C_Master_Write         text25           015AC
__end_of_Lcd_Clear                text17           015D3
__end_of_Lcd_Cmd                  text18           0166A
__end_of_Lcd_Init                 text16           00A0F
__end_of_Lcd_Port                 text19           01800
__end_of_Lcd_Set_Cursor           text15           0001D
__end_of_Lcd_Write_Char           text14           015E5
__end_of_Lcd_Write_String         text13           00981
__end_of_UART_TX_config           text11           00AB2
__end_of_UART_write_char          text10           015B6
__end_of_UART_write_string        text9            01638
__end_of___aldiv                  text12           00BB5
__end_of___lldiv                  text8            00B18
__end_of___lwdiv                  text5            009C5
__end_of___lwmod                  text4            017C2
__end_of___wmul                   text3            0168F
__end_of__initialization          cinit            007FC
__end_of__stringtab               strings          00810
__end_of_dpowers                  strings          0081A
__end_of_isdigit                  text2            015F7
__end_of_main                     maintext_split_1 007DD
__end_of_setup                    text6            016B6
__end_of_sprintf                  text1            0027A
__initialization                  cinit            007DD
__pbssBANK0                       bssBANK0         00020
__pbssBANK1                       bssBANK1         000A0
__pcstackBANK0                    cstackBANK0      0004C
__pcstackCOMMON                   cstackCOMMON     00070
__pdataBANK3                      dataBANK3        00190
__pidataBANK3                     idataBANK3       00A0F
__pmaintext                       maintext         00C55
__pstrings                        strings          00800
__ptext1                          text1            0001D
__ptext10                         text10           015AC
__ptext11                         text11           00A5C
__ptext12                         text12           00B18
__ptext13                         text13           0093F
__ptext14                         text14           015D3
__ptext15                         text15           00003
__ptext16                         text16           009C5
__ptext17                         text17           015C3
__ptext18                         text18           01650
__ptext19                         text19           017C2
__ptext2                          text2            015E5
__ptext20                         text20           00BB5
__ptext21                         text21           0160A
__ptext22                         text22           016E4
__ptext23                         text23           008FE
__ptext24                         text24           0174E
__ptext25                         text25           015A2
__ptext26                         text26           01599
__ptext27                         text27           01590
__ptext28                         text28           01587
__ptext29                         text29           016B6
__ptext3                          text3            0166A
__ptext30                         text30           015B6
__ptext31                         text31           01638
__ptext4                          text4            01788
__ptext5                          text5            00981
__ptext6                          text6            0168F
__ptext7                          text7            01716
__ptext8                          text8            00AB2
__ptext9                          text9            01621
__stringbase                      strings          0080F
__stringtab                       strings          00800
_bandera_hr                       bssBANK0         00024
_buffer                           bssBANK1         000D2
_car                              bssBANK0         0002E
_contador                         bssBANK0         0002C
_day                              bssBANK0         0004B
_distancia                        bssBANK0         00028
_distancia_string                 bssBANK0         0003B
_dow                              bssBANK0         00048
_dpowers                          strings          00810
_dw                               dataBANK3        00190
_horariocar                       bssBANK0         0002F
_hr                               bssBANK0         00047
_isdigit                          text2            015E5
_isdigit$1221                     cstackCOMMON     00070
_main                             maintext         00C55
_manual                           bssBANK0         0002D
_min                              bssBANK0         00046
_mth                              bssBANK0         0004A
_sec                              bssBANK0         00045
_sensor_Infra                     bssBANK0         00022
_sensor_Infra_string              bssBANK1         000E6
_sensor_Luz                       bssBANK0         00020
_sensor_Luz_string                bssBANK0         00031
_setup                            text6            0168F
_sprintf                          text1            0001D
_usart                            bssBANK1         000A0
_var_distancia                    bssBANK0         00026
_year                             bssBANK0         00049
_z                                bssBANK0         0002A
btemp                             (abs)            0007E
clear_ram0                        clrtext          0157F
end_of_initialization             cinit            007FC
init_fetch0                       inittext         015F7
init_ram0                         inittext         015FB
intlevel0                         functab          00000
intlevel1                         functab          00000
intlevel2                         functab          00000
intlevel3                         functab          00000
intlevel4                         functab          00000
intlevel5                         functab          00000
isdigit@c                         cstackCOMMON     00071
pnum$maintext                     (abs)            0000C
pnum$maintext_split_1             (abs)            0002E
psplit$0                          (abs)            C002E
reset_vec                         reset_vec        00000
sprintf@ap                        cstackBANK0      0005F
sprintf@c                         cstackBANK0      00065
sprintf@cp                        cstackBANK0      0005D
sprintf@f                         cstackBANK0      0004C
sprintf@flag                      cstackBANK0      00064
sprintf@len                       cstackBANK0      00060
sprintf@prec                      cstackBANK0      0005C
sprintf@sp                        cstackBANK0      00068
sprintf@val                       cstackBANK0      00062
sprintf@width                     cstackBANK0      00066
start                             init             00000
start_initialization              cinit            007DD
wtemp0                            (abs)            0007E


MODULE INFORMATION

Module		Function		Class		Link	Load	Size
C:\Program Files\Microchip\xc8\v2.40\pic\sources\c90\common\aldiv.c
		___aldiv       		CODE           	0B18	0000	157

C:\Program Files\Microchip\xc8\v2.40\pic\sources\c90\common\aldiv.c estimated size: 157

I2C.c
		_I2C_Master_Read		CODE           	16B6	0000	46
		_I2C_Master_Wait		CODE           	15B6	0000	13
		_I2C_Master_Init		CODE           	1716	0000	56
		_I2C_Master_Stop		CODE           	1599	0000	9
		_I2C_Master_RepeatedStart		CODE           	1587	0000	9
		_I2C_Master_Write		CODE           	15A2	0000	10
		_I2C_Master_Start		CODE           	1590	0000	9

I2C.c estimated size: 152

LCD_8bits.c
		_Lcd_Write_String		CODE           	093F	0000	66
		_Lcd_Init      		CODE           	09C5	0000	74
		_Lcd_Write_Char		CODE           	15D3	0000	18
		_Lcd_Cmd       		CODE           	1650	0000	26
		_Lcd_Set_Cursor		CODE           	0003	0000	26
		_Lcd_Clear     		CODE           	15C3	0000	16
		_Lcd_Port      		CODE           	17C2	0000	62

LCD_8bits.c estimated size: 288

C:\Program Files\Microchip\xc8\v2.40\pic\sources\c90\common\__lldiv.c
		___lldiv       		CODE           	0AB2	0000	102

C:\Program Files\Microchip\xc8\v2.40\pic\sources\c90\common\__lldiv.c estimated size: 102

C:\Program Files\Microchip\xc8\v2.40\pic\sources\c90\common\doprnt.c
		_sprintf       		CODE           	001D	0000	605

C:\Program Files\Microchip\xc8\v2.40\pic\sources\c90\common\doprnt.c estimated size: 605

C:\Program Files\Microchip\xc8\v2.40\pic\sources\c90\common\Umul16.c
		___wmul        		CODE           	166A	0000	37

C:\Program Files\Microchip\xc8\v2.40\pic\sources\c90\common\Umul16.c estimated size: 37

C:\Program Files\Microchip\xc8\v2.40\pic\sources\c90\common\lwmod.c
		___lwmod       		CODE           	1788	0000	58

C:\Program Files\Microchip\xc8\v2.40\pic\sources\c90\common\lwmod.c estimated size: 58

shared
		__stringtab    		STRING         	0800	0000	16
		_dpowers       		STRING         	0810	0000	10
		__initialization		CODE           	07DD	0000	31

shared estimated size: 57

C:\Program Files\Microchip\xc8\v2.40\pic\sources\c90\common\isdigit.c
		_isdigit       		CODE           	15E5	0000	18

C:\Program Files\Microchip\xc8\v2.40\pic\sources\c90\common\isdigit.c estimated size: 18

USART_Library.c
		_UART_write_string		CODE           	1621	0000	23
		_UART_TX_config		CODE           	0A5C	0000	86
		_UART_write_char		CODE           	15AC	0000	10

USART_Library.c estimated size: 119

Proyecto1D2_Master.c
		_main          		CODE           	0C55	0000	2318
		_setup         		CODE           	168F	0000	39

Proyecto1D2_Master.c estimated size: 2357

RTC.c
		_DS3231_Read   		CODE           	174E	0000	58
		_DS3231_Bin_Bcd		CODE           	160A	0000	23
		_DS3231_Bcd_Bin		CODE           	1638	0000	24
		_DS3231_Get_Date		CODE           	08FE	0000	65
		_DS3231_Get_Time		CODE           	16E4	0000	50
		_DS3231_Set_Date_Time		CODE           	0BB5	0000	160

RTC.c estimated size: 380

C:\Program Files\Microchip\xc8\v2.40\pic\sources\c90\common\lwdiv.c
		___lwdiv       		CODE           	0981	0000	68

C:\Program Files\Microchip\xc8\v2.40\pic\sources\c90\common\lwdiv.c estimated size: 68

